// Jest Snapshot v1, https://goo.gl/fbAQLP

exports[`Results should match a snapshot 1`] = `
<View
  style={
    Object {
      "flex": 1,
      "width": "100%",
    }
  }
>
  <ViewManagerAdapter_ExpoLinearGradient
    proxiedProperties={
      Object {
        "colors": Array [
          4278210303,
          4287155441,
        ],
        "endPoint": undefined,
        "locations": undefined,
        "startPoint": undefined,
      }
    }
    style={
      Object {
        "alignItems": "center",
        "flexDirection": "row",
        "height": 200.1,
        "justifyContent": "center",
      }
    }
  >
    <Image
      source={1}
      style={
        Object {
          "alignSelf": "center",
          "borderWidth": 0,
          "height": 133.4,
          "marginBottom": 13.34,
          "marginTop": 60.03,
          "width": 133.4,
        }
      }
    />
  </ViewManagerAdapter_ExpoLinearGradient>
  <RCTScrollView
    collapsable={false}
    onGestureHandlerEvent={[Function]}
    onGestureHandlerStateChange={[Function]}
    style={
      Object {
        "flex": 1,
        "marginBottom": 53.36,
        "marginTop": 26.68,
        "width": "100%",
      }
    }
  >
    <View>
      <View
        style={
          Array [
            Object {
              "backgroundColor": "#fff",
              "borderBottomWidth": 0.5,
              "borderColor": "#ccc",
              "borderLeftWidth": 0.5,
              "borderRadius": 2,
              "borderRightWidth": 0.5,
              "borderTopWidth": 0.5,
              "elevation": 3,
              "flexWrap": "nowrap",
              "marginBottom": 5,
              "marginLeft": 2,
              "marginRight": 2,
              "marginTop": 5,
              "shadowColor": "#000",
              "shadowOffset": Object {
                "height": 2,
                "width": 0,
              },
              "shadowOpacity": 0.1,
              "shadowRadius": 1.5,
            },
            Object {
              "alignSelf": "center",
              "flex": 1,
              "shadowColor": "black",
              "shadowOffset": Object {
                "height": 5,
                "width": 5,
              },
              "shadowOpacity": 0.3,
              "shadowRadius": 4.65,
              "width": "95%",
            },
          ]
        }
      >
        <View
          style={
            Object {
              "alignItems": "center",
              "backgroundColor": "#fff",
              "borderRadius": 2,
              "flexDirection": "row",
              "paddingBottom": 10,
              "paddingLeft": 15,
              "paddingRight": 15,
              "paddingTop": 10,
            }
          }
        >
          <View
            style={
              Object {
                "alignItems": "flex-start",
                "alignSelf": "stretch",
                "flex": 1,
              }
            }
          >
            <Text
              style={
                Array [
                  Object {
                    "color": "#000",
                    "fontFamily": "System",
                    "fontSize": 16,
                  },
                  Object {
                    "fontSize": 16,
                    "fontWeight": "bold",
                    "marginBottom": 13.34,
                    "marginTop": 2.668,
                  },
                ]
              }
              uppercase={false}
            >
              undefined (undefined)
            </Text>
            <View
              animated={true}
              animationConfig={
                Object {
                  "bounciness": 0,
                }
              }
              animationType="spring"
              indeterminate={false}
              indeterminateAnimationDuration={1000}
              onLayout={[Function]}
              progress={0}
              style={
                Array [
                  Object {
                    "backgroundColor": undefined,
                    "borderColor": "rgba(0, 122, 255, 1)",
                    "borderRadius": 4,
                    "borderWidth": 1,
                    "overflow": "hidden",
                    "width": 200,
                  },
                  Object {
                    "marginBottom": 13.34,
                  },
                ]
              }
              useNativeDriver={false}
            >
              <View
                style={
                  Object {
                    "backgroundColor": "rgba(0, 122, 255, 1)",
                    "height": 6,
                    "transform": Array [
                      Object {
                        "translateX": -7.105427357601002e-15,
                      },
                      Object {
                        "translateX": -99,
                      },
                      Object {
                        "scaleX": 0.0001,
                      },
                    ],
                  }
                }
              />
            </View>
            <Text
              style={
                Object {
                  "color": "#000",
                  "fontFamily": "System",
                  "fontSize": 16,
                }
              }
              uppercase={false}
            >
              Probability: NaN%
            </Text>
          </View>
        </View>
      </View>
      <View
        style={
          Array [
            Object {
              "backgroundColor": "#fff",
              "borderBottomWidth": 0.5,
              "borderColor": "#ccc",
              "borderLeftWidth": 0.5,
              "borderRadius": 2,
              "borderRightWidth": 0.5,
              "borderTopWidth": 0.5,
              "elevation": 3,
              "flexWrap": "nowrap",
              "marginBottom": 5,
              "marginLeft": 2,
              "marginRight": 2,
              "marginTop": 5,
              "shadowColor": "#000",
              "shadowOffset": Object {
                "height": 2,
                "width": 0,
              },
              "shadowOpacity": 0.1,
              "shadowRadius": 1.5,
            },
            Object {
              "alignSelf": "center",
              "flex": 1,
              "shadowColor": "black",
              "shadowOffset": Object {
                "height": 5,
                "width": 5,
              },
              "shadowOpacity": 0.3,
              "shadowRadius": 4.65,
              "width": "95%",
            },
          ]
        }
      >
        <View
          style={
            Object {
              "alignItems": "center",
              "backgroundColor": "#fff",
              "borderRadius": 2,
              "flexDirection": "row",
              "paddingBottom": 10,
              "paddingLeft": 15,
              "paddingRight": 15,
              "paddingTop": 10,
            }
          }
        >
          <View
            style={
              Object {
                "alignItems": "flex-start",
                "alignSelf": "stretch",
                "flex": 1,
              }
            }
          >
            <Text
              style={
                Array [
                  Object {
                    "color": "#000",
                    "fontFamily": "System",
                    "fontSize": 16,
                  },
                  Object {
                    "fontSize": 16,
                    "fontWeight": "bold",
                    "marginBottom": 13.34,
                    "marginTop": 2.668,
                  },
                ]
              }
              uppercase={false}
            >
              undefined (undefined)
            </Text>
            <View
              animated={true}
              animationConfig={
                Object {
                  "bounciness": 0,
                }
              }
              animationType="spring"
              indeterminate={false}
              indeterminateAnimationDuration={1000}
              onLayout={[Function]}
              progress={0}
              style={
                Array [
                  Object {
                    "backgroundColor": undefined,
                    "borderColor": "rgba(0, 122, 255, 1)",
                    "borderRadius": 4,
                    "borderWidth": 1,
                    "overflow": "hidden",
                    "width": 200,
                  },
                  Object {
                    "marginBottom": 13.34,
                  },
                ]
              }
              useNativeDriver={false}
            >
              <View
                style={
                  Object {
                    "backgroundColor": "rgba(0, 122, 255, 1)",
                    "height": 6,
                    "transform": Array [
                      Object {
                        "translateX": -7.105427357601002e-15,
                      },
                      Object {
                        "translateX": -99,
                      },
                      Object {
                        "scaleX": 0.0001,
                      },
                    ],
                  }
                }
              />
            </View>
            <Text
              style={
                Object {
                  "color": "#000",
                  "fontFamily": "System",
                  "fontSize": 16,
                }
              }
              uppercase={false}
            >
              Probability: NaN%
            </Text>
          </View>
        </View>
      </View>
    </View>
  </RCTScrollView>
  <View
    accessible={true}
    focusable={true}
    isTVSelectable={true}
    onClick={[Function]}
    onResponderGrant={[Function]}
    onResponderMove={[Function]}
    onResponderRelease={[Function]}
    onResponderTerminate={[Function]}
    onResponderTerminationRequest={[Function]}
    onStartShouldSetResponder={[Function]}
    style={
      Object {
        "alignItems": "center",
        "alignSelf": "center",
        "backgroundColor": "#007aff",
        "borderBottomWidth": null,
        "borderColor": "#007aff",
        "borderLeftWidth": null,
        "borderRadius": 57,
        "borderRightWidth": null,
        "borderTopWidth": null,
        "borderWidth": undefined,
        "elevation": 2,
        "flexDirection": "row",
        "height": 93.38000000000001,
        "justifyContent": "space-around",
        "marginBottom": 26.68,
        "marginTop": -333.5,
        "opacity": 1,
        "paddingBottom": 6,
        "paddingTop": 6,
        "shadowColor": "black",
        "shadowOffset": Object {
          "height": 5,
          "width": 5,
        },
        "shadowOpacity": 0.3,
        "shadowRadius": 4.65,
        "width": 487.5,
      }
    }
  >
    <Text
      style={
        Array [
          Object {
            "backgroundColor": "transparent",
            "color": "#fff",
            "fontFamily": "System",
            "fontSize": 16.5,
            "marginLeft": 0,
            "marginRight": 0,
            "paddingLeft": 16,
            "paddingRight": 16,
          },
          Object {
            "fontSize": 33.35,
            "fontWeight": "bold",
          },
        ]
      }
      uppercase={false}
    >
      Find Doctors
    </Text>
    <Text />
  </View>
</View>
`;
