// Jest Snapshot v1, https://goo.gl/fbAQLP

exports[`SearchSymptoms should match a snapshot 1`] = `
<View
  style={
    Object {
      "flex": 1,
      "width": "100%",
    }
  }
>
  <ViewManagerAdapter_ExpoLinearGradient
    proxiedProperties={
      Object {
        "colors": Array [
          4278210303,
          4287155441,
        ],
        "endPoint": undefined,
        "locations": undefined,
        "startPoint": undefined,
      }
    }
    style={
      Object {
        "alignItems": "center",
        "flex": 1,
      }
    }
  >
    <View
      style={
        Object {
          "alignItems": "center",
          "flex": 1,
          "justifyContent": "center",
          "marginBottom": 80.03999999999999,
          "marginTop": 80.03999999999999,
          "width": "100%",
        }
      }
    >
      <Text />
      <Text
        style={
          Object {
            "color": "white",
            "fontSize": 53.36,
            "fontWeight": "bold",
            "paddingTop": 13.34,
          }
        }
      >
        Search Symptoms
      </Text>
      <View
        accessible={true}
        focusable={false}
        isTVSelectable={true}
        onClick={[Function]}
        onResponderGrant={[Function]}
        onResponderMove={[Function]}
        onResponderRelease={[Function]}
        onResponderTerminate={[Function]}
        onResponderTerminationRequest={[Function]}
        onStartShouldSetResponder={[Function]}
        style={
          Object {
            "alignItems": "center",
            "backgroundColor": "transparent",
            "borderBottomWidth": 1,
            "borderColor": "#D9D5DC",
            "borderLeftWidth": 0,
            "borderRadius": undefined,
            "borderRightWidth": 0,
            "borderTopWidth": 0,
            "borderWidth": undefined,
            "flexDirection": "row",
            "marginBottom": 13.34,
            "marginLeft": 2,
            "marginTop": 13.34,
            "opacity": 1,
            "width": "75%",
          }
        }
      >
        <TextInput
          allowFontScaling={true}
          editable={true}
          onChangeText={[Function]}
          placeholder="Search all symptoms"
          placeholderTextColor="#f8f8f8"
          rejectResponderTermination={true}
          style={
            Array [
              Object {
                "color": "#000",
                "flex": 1,
                "fontSize": 17,
                "height": 50,
                "paddingLeft": 5,
                "paddingRight": 5,
                "top": 1.5,
              },
              Object {
                "color": "white",
                "fontSize": 37.5,
                "fontWeight": "bold",
              },
            ]
          }
          underlineColorAndroid="rgba(0,0,0,0)"
        />
        <Text />
      </View>
      <Text
        style={
          Object {
            "color": "white",
            "fontSize": 20,
          }
        }
      >
        Select all that apply (at least 3):
      </Text>
      <RCTScrollView
        collapsable={false}
        onGestureHandlerEvent={[Function]}
        onGestureHandlerStateChange={[Function]}
        style={
          Object {
            "marginTop": 13.34,
            "width": "100%",
          }
        }
      >
        <View>
          <View
            style={
              Object {
                "marginLeft": "5%",
                "width": "100%",
              }
            }
          >
            <View
              style={
                Array [
                  Object {
                    "backgroundColor": "#fff",
                    "borderBottomWidth": 0.5,
                    "borderColor": "#ccc",
                    "borderLeftWidth": 0.5,
                    "borderRadius": 2,
                    "borderRightWidth": 0.5,
                    "borderTopWidth": 0.5,
                    "elevation": 3,
                    "flexWrap": "nowrap",
                    "marginBottom": 5,
                    "marginLeft": 2,
                    "marginRight": 2,
                    "marginTop": 5,
                    "shadowColor": "#000",
                    "shadowOffset": Object {
                      "height": 2,
                      "width": 0,
                    },
                    "shadowOpacity": 0.1,
                    "shadowRadius": 1.5,
                  },
                  Object {
                    "backgroundColor": "rgba(256, 256, 256, 0)",
                    "borderColor": "rgba(256, 256, 256, 0)",
                    "flexDirection": "row",
                    "flexWrap": "wrap",
                    "width": "80%",
                  },
                ]
              }
            />
          </View>
          <View
            style={
              Object {
                "alignSelf": "center",
                "flex": 0.5,
                "flexGrow": 1,
                "marginTop": 26.68,
                "padding": 0,
                "width": 675,
              }
            }
          />
        </View>
      </RCTScrollView>
    </View>
  </ViewManagerAdapter_ExpoLinearGradient>
</View>
`;
