// Jest Snapshot v1, https://goo.gl/fbAQLP

exports[`SymptomsQA should match a snapshot 1`] = `
<View
  style={
    Object {
      "flex": 1,
      "width": "100%",
    }
  }
>
  <ViewManagerAdapter_ExpoLinearGradient
    proxiedProperties={
      Object {
        "colors": Array [
          4278210303,
          4287155441,
        ],
        "endPoint": undefined,
        "locations": undefined,
        "startPoint": undefined,
      }
    }
    style={
      Object {
        "alignItems": "center",
        "flex": 1,
      }
    }
  >
    <View
      style={
        Object {
          "alignItems": "center",
          "flex": 1,
          "marginBottom": 66.7,
          "marginTop": 66.7,
          "width": "100%",
        }
      }
    >
      <Text />
      <Text
        style={
          Array [
            Object {
              "color": "#000",
              "fontFamily": "System",
              "fontSize": 16,
            },
            Object {
              "alignSelf": "center",
              "color": "white",
              "fontSize": 30,
              "fontWeight": "bold",
              "marginBottom": 26.68,
              "padding": 0,
            },
          ]
        }
        uppercase={false}
      >
        Regarding your symptoms
      </Text>
      <RCTScrollView
        collapsable={false}
        onGestureHandlerEvent={[Function]}
        onGestureHandlerStateChange={[Function]}
        style={
          Object {
            "padding": 0,
            "width": "100%",
          }
        }
      >
        <View>
          <View
            style={
              Object {
                "alignContent": "center",
                "alignItems": "center",
                "flex": 1,
                "justifyContent": "center",
                "width": "100%",
              }
            }
          />
        </View>
      </RCTScrollView>
    </View>
  </ViewManagerAdapter_ExpoLinearGradient>
</View>
`;
