// Jest Snapshot v1, https://goo.gl/fbAQLP

exports[`App renders the loading screen 1`] = `
<View
  onLayout={[Function]}
  style={
    Object {
      "flex": 1,
    }
  }
>
  <View
    collapsable={false}
    onGestureHandlerEvent={[Function]}
    onGestureHandlerStateChange={[Function]}
    style={
      Object {
        "backgroundColor": "#eee",
        "flex": 1,
        "flexDirection": "column-reverse",
        "overflow": "hidden",
      }
    }
  >
    <View
      style={
        Object {
          "flex": 1,
        }
      }
    >
      <View
        pointerEvents="auto"
        style={
          Object {
            "bottom": 0,
            "left": 0,
            "opacity": 1,
            "position": "absolute",
            "right": 0,
            "top": 0,
            "transform": Array [
              Object {
                "translateY": 0,
              },
            ],
          }
        }
      >
        <View
          accessibilityElementsHidden={false}
          style={
            Object {
              "backgroundColor": "#fff",
              "flex": 1,
            }
          }
        >
          <View
            style={
              Object {
                "backgroundColor": "#FFFFFF",
                "flex": 1,
              }
            }
          >
            <ViewManagerAdapter_ExpoLinearGradient
              proxiedProperties={
                Object {
                  "colors": Array [
                    4278210303,
                    4287155441,
                  ],
                  "endPoint": undefined,
                  "locations": undefined,
                  "startPoint": undefined,
                }
              }
              style={
                Object {
                  "height": 200.1,
                }
              }
            />
            <Image
              source={1}
              style={
                Object {
                  "alignSelf": "center",
                  "borderRadius": 50,
                  "borderWidth": 0,
                  "height": 266.8,
                  "marginBottom": 10,
                  "marginTop": 35,
                  "width": 266.8,
                }
              }
            />
            <View>
              <Text
                style={
                  Array [
                    Object {
                      "color": "#000",
                      "fontFamily": "System",
                      "fontSize": 16,
                    },
                    Object {
                      "fontSize": 40,
                      "fontWeight": "bold",
                      "margin": 25,
                    },
                  ]
                }
                uppercase={false}
              >
                Hello!
              </Text>
              <Text
                style={
                  Array [
                    Object {
                      "color": "#000",
                      "fontFamily": "System",
                      "fontSize": 16,
                    },
                    Object {
                      "fontSize": 26,
                      "marginBottom": 25,
                      "marginLeft": 25,
                    },
                  ]
                }
                uppercase={false}
              >
                Welcome to MeMD, an online platform designed to help diagnose symptoms and locate potential doctors. Please click BEGIN to start your health checkup.
              </Text>
              <View
                accessible={true}
                focusable={true}
                isTVSelectable={true}
                onClick={[Function]}
                onResponderGrant={[Function]}
                onResponderMove={[Function]}
                onResponderRelease={[Function]}
                onResponderTerminate={[Function]}
                onResponderTerminationRequest={[Function]}
                onStartShouldSetResponder={[Function]}
                style={
                  Object {
                    "alignItems": "center",
                    "alignSelf": "center",
                    "backgroundColor": "#007aff",
                    "borderBottomWidth": null,
                    "borderColor": "#007aff",
                    "borderLeftWidth": null,
                    "borderRadius": 5,
                    "borderRightWidth": null,
                    "borderTopWidth": null,
                    "borderWidth": undefined,
                    "elevation": 2,
                    "flexDirection": "row",
                    "height": 45,
                    "justifyContent": "center",
                    "marginTop": 20,
                    "opacity": 1,
                    "paddingBottom": 6,
                    "paddingTop": 6,
                    "shadowColor": undefined,
                    "shadowOffset": undefined,
                    "shadowOpacity": undefined,
                    "shadowRadius": undefined,
                    "width": "75%",
                  }
                }
              >
                <Text
                  style={
                    Object {
                      "backgroundColor": "transparent",
                      "color": "#fff",
                      "fontFamily": "System",
                      "fontSize": 16.5,
                      "marginLeft": 0,
                      "marginRight": 0,
                      "paddingLeft": 16,
                      "paddingRight": 16,
                    }
                  }
                  uppercase={false}
                >
                  BEGIN CHECKUP
                </Text>
              </View>
            </View>
          </View>
        </View>
      </View>
    </View>
  </View>
</View>
`;

exports[`App renders the root without loading screen 1`] = `
<View
  onLayout={[Function]}
  style={
    Object {
      "flex": 1,
    }
  }
>
  <View
    collapsable={false}
    onGestureHandlerEvent={[Function]}
    onGestureHandlerStateChange={[Function]}
    style={
      Object {
        "backgroundColor": "#eee",
        "flex": 1,
        "flexDirection": "column-reverse",
        "overflow": "hidden",
      }
    }
  >
    <View
      style={
        Object {
          "flex": 1,
        }
      }
    >
      <View
        pointerEvents="auto"
        style={
          Object {
            "bottom": 0,
            "left": 0,
            "opacity": 1,
            "position": "absolute",
            "right": 0,
            "top": 0,
            "transform": Array [
              Object {
                "translateY": 0,
              },
            ],
          }
        }
      >
        <View
          accessibilityElementsHidden={false}
          style={
            Object {
              "backgroundColor": "#fff",
              "flex": 1,
            }
          }
        >
          <View
            style={
              Object {
                "backgroundColor": "#FFFFFF",
                "flex": 1,
              }
            }
          >
            <ViewManagerAdapter_ExpoLinearGradient
              proxiedProperties={
                Object {
                  "colors": Array [
                    4278210303,
                    4287155441,
                  ],
                  "endPoint": undefined,
                  "locations": undefined,
                  "startPoint": undefined,
                }
              }
              style={
                Object {
                  "height": 200.1,
                }
              }
            />
            <Image
              source={1}
              style={
                Object {
                  "alignSelf": "center",
                  "borderRadius": 50,
                  "borderWidth": 0,
                  "height": 266.8,
                  "marginBottom": 10,
                  "marginTop": 35,
                  "width": 266.8,
                }
              }
            />
            <View>
              <Text
                style={
                  Array [
                    Object {
                      "color": "#000",
                      "fontFamily": "System",
                      "fontSize": 16,
                    },
                    Object {
                      "fontSize": 40,
                      "fontWeight": "bold",
                      "margin": 25,
                    },
                  ]
                }
                uppercase={false}
              >
                Hello!
              </Text>
              <Text
                style={
                  Array [
                    Object {
                      "color": "#000",
                      "fontFamily": "System",
                      "fontSize": 16,
                    },
                    Object {
                      "fontSize": 26,
                      "marginBottom": 25,
                      "marginLeft": 25,
                    },
                  ]
                }
                uppercase={false}
              >
                Welcome to MeMD, an online platform designed to help diagnose symptoms and locate potential doctors. Please click BEGIN to start your health checkup.
              </Text>
              <View
                accessible={true}
                focusable={true}
                isTVSelectable={true}
                onClick={[Function]}
                onResponderGrant={[Function]}
                onResponderMove={[Function]}
                onResponderRelease={[Function]}
                onResponderTerminate={[Function]}
                onResponderTerminationRequest={[Function]}
                onStartShouldSetResponder={[Function]}
                style={
                  Object {
                    "alignItems": "center",
                    "alignSelf": "center",
                    "backgroundColor": "#007aff",
                    "borderBottomWidth": null,
                    "borderColor": "#007aff",
                    "borderLeftWidth": null,
                    "borderRadius": 5,
                    "borderRightWidth": null,
                    "borderTopWidth": null,
                    "borderWidth": undefined,
                    "elevation": 2,
                    "flexDirection": "row",
                    "height": 45,
                    "justifyContent": "center",
                    "marginTop": 20,
                    "opacity": 1,
                    "paddingBottom": 6,
                    "paddingTop": 6,
                    "shadowColor": undefined,
                    "shadowOffset": undefined,
                    "shadowOpacity": undefined,
                    "shadowRadius": undefined,
                    "width": "75%",
                  }
                }
              >
                <Text
                  style={
                    Object {
                      "backgroundColor": "transparent",
                      "color": "#fff",
                      "fontFamily": "System",
                      "fontSize": 16.5,
                      "marginLeft": 0,
                      "marginRight": 0,
                      "paddingLeft": 16,
                      "paddingRight": 16,
                    }
                  }
                  uppercase={false}
                >
                  BEGIN CHECKUP
                </Text>
              </View>
            </View>
          </View>
        </View>
      </View>
    </View>
  </View>
</View>
`;
